time=2026-03-10T20:01:47.125-04:00 level=INFO msg="connecting to CDP" base=https://late-wind-f8l13mdp.dev-iad-unikraft-3.onkernel.app:9222 sessionMode=true
time=2026-03-10T20:01:47.236-04:00 level=INFO msg="rewrote WS URL for remote access" original=ws://late-wind-f8l13mdp.dev-iad-unikraft-3.onkernel.app:9222/devtools/browser/abd88b91-35f6-4739-98be-8661a231979a rewritten=wss://late-wind-f8l13mdp.dev-iad-unikraft-3.onkernel.app:9222/devtools/browser/abd88b91-35f6-4739-98be-8661a231979a
time=2026-03-10T20:01:47.252-04:00 level=INFO msg="connected to browser WS" url=wss://late-wind-f8l13mdp.dev-iad-unikraft-3.onkernel.app:9222/devtools/browser/abd88b91-35f6-4739-98be-8661a231979a
time=2026-03-10T20:01:47.272-04:00 level=INFO msg="found page target" id=AB2B998CE2961B7E043C3EE879CF667F
time=2026-03-10T20:01:47.282-04:00 level=INFO msg="attached to page session" sessionId=EC38CD1B4485C21A45B3E64E5221973F
time=2026-03-10T20:01:47.282-04:00 level=INFO msg=connected sites=5 iterations=2
time=2026-03-10T20:01:47.282-04:00 level=INFO msg=warmup iterations=1
time=2026-03-10T20:01:47.304-04:00 level=INFO msg="navigating to test site" url=https://example.com category=static
time=2026-03-10T20:01:50.406-04:00 level=INFO msg="navigating to test site" url=https://news.ycombinator.com category=content
time=2026-03-10T20:01:53.905-04:00 level=INFO msg="navigating to test site" url=https://en.wikipedia.org/wiki/Web_browser category=content
time=2026-03-10T20:01:59.355-04:00 level=INFO msg="navigating to test site" url=https://github.com/nicknisi/dotfiles category=spa
time=2026-03-10T20:02:15.789-04:00 level=INFO msg="navigating to test site" url=https://www.bbc.com/news category=media
time=2026-03-10T20:02:35.824-04:00 level=INFO msg="rewrote WS URL for remote access" original=ws://late-wind-f8l13mdp.dev-iad-unikraft-3.onkernel.app:9222/devtools/browser/abd88b91-35f6-4739-98be-8661a231979a rewritten=wss://late-wind-f8l13mdp.dev-iad-unikraft-3.onkernel.app:9222/devtools/browser/abd88b91-35f6-4739-98be-8661a231979a
time=2026-03-10T20:02:35.839-04:00 level=INFO msg="connected to browser WS" url=wss://late-wind-f8l13mdp.dev-iad-unikraft-3.onkernel.app:9222/devtools/browser/abd88b91-35f6-4739-98be-8661a231979a
time=2026-03-10T20:02:35.841-04:00 level=INFO msg="found page target" id=AB2B998CE2961B7E043C3EE879CF667F
time=2026-03-10T20:02:35.843-04:00 level=INFO msg="attached to page session" sessionId=EA75161D0D160544C262037DA3704008
time=2026-03-10T20:02:35.843-04:00 level=INFO msg="starting sequential benchmark" iterations=2 label=approach2
time=2026-03-10T20:02:35.849-04:00 level=INFO msg="navigating to test site" url=https://example.com category=static
time=2026-03-10T20:02:38.603-04:00 level=INFO msg="navigating to test site" url=https://news.ycombinator.com category=content
time=2026-03-10T20:02:42.270-04:00 level=INFO msg="navigating to test site" url=https://en.wikipedia.org/wiki/Web_browser category=content
time=2026-03-10T20:02:47.170-04:00 level=INFO msg="navigating to test site" url=https://github.com/nicknisi/dotfiles category=spa
time=2026-03-10T20:03:02.270-04:00 level=INFO msg="navigating to test site" url=https://www.bbc.com/news category=media
time=2026-03-10T20:03:19.673-04:00 level=INFO msg=iteration i=2 of=2 url=https://news.ycombinator.com
time=2026-03-10T20:03:24.510-04:00 level=INFO msg="starting concurrent benchmark" workers=3 duration=20s
time=2026-03-10T20:03:24.515-04:00 level=INFO msg="rewrote WS URL for remote access" original=ws://late-wind-f8l13mdp.dev-iad-unikraft-3.onkernel.app:9222/devtools/browser/abd88b91-35f6-4739-98be-8661a231979a rewritten=wss://late-wind-f8l13mdp.dev-iad-unikraft-3.onkernel.app:9222/devtools/browser/abd88b91-35f6-4739-98be-8661a231979a
time=2026-03-10T20:03:24.517-04:00 level=INFO msg="rewrote WS URL for remote access" original=ws://late-wind-f8l13mdp.dev-iad-unikraft-3.onkernel.app:9222/devtools/browser/abd88b91-35f6-4739-98be-8661a231979a rewritten=wss://late-wind-f8l13mdp.dev-iad-unikraft-3.onkernel.app:9222/devtools/browser/abd88b91-35f6-4739-98be-8661a231979a
time=2026-03-10T20:03:24.520-04:00 level=INFO msg="rewrote WS URL for remote access" original=ws://late-wind-f8l13mdp.dev-iad-unikraft-3.onkernel.app:9222/devtools/browser/abd88b91-35f6-4739-98be-8661a231979a rewritten=wss://late-wind-f8l13mdp.dev-iad-unikraft-3.onkernel.app:9222/devtools/browser/abd88b91-35f6-4739-98be-8661a231979a
time=2026-03-10T20:03:24.533-04:00 level=INFO msg="connected to browser WS" url=wss://late-wind-f8l13mdp.dev-iad-unikraft-3.onkernel.app:9222/devtools/browser/abd88b91-35f6-4739-98be-8661a231979a
time=2026-03-10T20:03:24.535-04:00 level=INFO msg="found page target" id=AB2B998CE2961B7E043C3EE879CF667F
time=2026-03-10T20:03:24.535-04:00 level=INFO msg="connected to browser WS" url=wss://late-wind-f8l13mdp.dev-iad-unikraft-3.onkernel.app:9222/devtools/browser/abd88b91-35f6-4739-98be-8661a231979a
time=2026-03-10T20:03:24.535-04:00 level=INFO msg="connected to browser WS" url=wss://late-wind-f8l13mdp.dev-iad-unikraft-3.onkernel.app:9222/devtools/browser/abd88b91-35f6-4739-98be-8661a231979a
time=2026-03-10T20:03:24.538-04:00 level=INFO msg="attached to page session" sessionId=6ED1617D9E60D1E43D4239ED2550B9FA
time=2026-03-10T20:03:24.538-04:00 level=INFO msg="found page target" id=AB2B998CE2961B7E043C3EE879CF667F
time=2026-03-10T20:03:24.538-04:00 level=INFO msg="found page target" id=AB2B998CE2961B7E043C3EE879CF667F
time=2026-03-10T20:03:24.541-04:00 level=INFO msg="attached to page session" sessionId=A6BB91B4FB7ADA78D5BCBAB9481282FF
time=2026-03-10T20:03:24.541-04:00 level=INFO msg="attached to page session" sessionId=F061DB135FD99A7C269488DABA038392
